[2024-06-16T00:27:41.123+0000] {local_task_job_runner.py:120} INFO - ::group::Pre task execution logs
[2024-06-16T00:27:41.196+0000] {taskinstance.py:2076} INFO - Dependencies all met for dep_context=non-requeueable deps ti=<TaskInstance: Air_pollution_data_pipeline.validator manual__2024-06-16T00:27:11+00:00 [queued]>
[2024-06-16T00:27:41.216+0000] {taskinstance.py:2076} INFO - Dependencies all met for dep_context=requeueable deps ti=<TaskInstance: Air_pollution_data_pipeline.validator manual__2024-06-16T00:27:11+00:00 [queued]>
[2024-06-16T00:27:41.217+0000] {taskinstance.py:2306} INFO - Starting attempt 1 of 6
[2024-06-16T00:27:41.251+0000] {taskinstance.py:2330} INFO - Executing <Task(_PythonDecoratedOperator): validator> on 2024-06-16 00:27:11+00:00
[2024-06-16T00:27:41.261+0000] {standard_task_runner.py:63} INFO - Started process 4316 to run task
[2024-06-16T00:27:41.269+0000] {standard_task_runner.py:90} INFO - Running: ['***', 'tasks', 'run', 'Air_pollution_data_pipeline', 'validator', 'manual__2024-06-16T00:27:11+00:00', '--job-id', '169', '--raw', '--subdir', 'DAGS_FOLDER/main.py', '--cfg-path', '/tmp/tmptthbzm62']
[2024-06-16T00:27:41.275+0000] {standard_task_runner.py:91} INFO - Job 169: Subtask validator
[2024-06-16T00:27:41.524+0000] {task_command.py:426} INFO - Running <TaskInstance: Air_pollution_data_pipeline.validator manual__2024-06-16T00:27:11+00:00 [running]> on host 6e26965f02f1
[2024-06-16T00:27:42.487+0000] {taskinstance.py:2648} INFO - Exporting env vars: AIRFLOW_CTX_DAG_OWNER='khalid' AIRFLOW_CTX_DAG_ID='Air_pollution_data_pipeline' AIRFLOW_CTX_TASK_ID='validator' AIRFLOW_CTX_EXECUTION_DATE='2024-06-16T00:27:11+00:00' AIRFLOW_CTX_TRY_NUMBER='1' AIRFLOW_CTX_DAG_RUN_ID='manual__2024-06-16T00:27:11+00:00'
[2024-06-16T00:27:42.495+0000] {taskinstance.py:430} INFO - ::endgroup::
[2024-06-16T00:27:42.499+0000] {validate.py:11} INFO - stating data validation/transformation process
[2024-06-16T00:27:42.557+0000] {logging_mixin.py:188} WARNING - /opt/***/dags/validate/validate.py:14 FutureWarning: Passing literal json to 'read_json' is deprecated and will be removed in a future version. To read from a literal string, wrap it in a 'StringIO' object.
[2024-06-16T00:27:43.192+0000] {validate.py:35} ERROR - error validating data, does not meet expected criteria
Traceback (most recent call last):
  File "/home/airflow/.local/lib/python3.10/site-packages/pandas/core/arrays/integer.py", line 53, in _safe_cast
    return values.astype(dtype, casting="safe", copy=copy)
TypeError: Cannot cast array data from dtype('float64') to dtype('int64') according to the rule 'safe'

The above exception was the direct cause of the following exception:

Traceback (most recent call last):
  File "/opt/airflow/dags/validate/validate.py", line 28, in validator
    pd.to_numeric(input_clean_data.iloc[:, i], errors='coerce').astype('Int64')
  File "/home/airflow/.local/lib/python3.10/site-packages/pandas/core/generic.py", line 6643, in astype
    new_data = self._mgr.astype(dtype=dtype, copy=copy, errors=errors)
  File "/home/airflow/.local/lib/python3.10/site-packages/pandas/core/internals/managers.py", line 430, in astype
    return self.apply(
  File "/home/airflow/.local/lib/python3.10/site-packages/pandas/core/internals/managers.py", line 363, in apply
    applied = getattr(b, f)(**kwargs)
  File "/home/airflow/.local/lib/python3.10/site-packages/pandas/core/internals/blocks.py", line 758, in astype
    new_values = astype_array_safe(values, dtype, copy=copy, errors=errors)
  File "/home/airflow/.local/lib/python3.10/site-packages/pandas/core/dtypes/astype.py", line 237, in astype_array_safe
    new_values = astype_array(values, dtype, copy=copy)
  File "/home/airflow/.local/lib/python3.10/site-packages/pandas/core/dtypes/astype.py", line 182, in astype_array
    values = _astype_nansafe(values, dtype, copy=copy)
  File "/home/airflow/.local/lib/python3.10/site-packages/pandas/core/dtypes/astype.py", line 80, in _astype_nansafe
    return dtype.construct_array_type()._from_sequence(arr, dtype=dtype, copy=copy)
  File "/home/airflow/.local/lib/python3.10/site-packages/pandas/core/arrays/masked.py", line 152, in _from_sequence
    values, mask = cls._coerce_to_array(scalars, dtype=dtype, copy=copy)
  File "/home/airflow/.local/lib/python3.10/site-packages/pandas/core/arrays/numeric.py", line 272, in _coerce_to_array
    values, mask, _, _ = _coerce_to_data_and_mask(
  File "/home/airflow/.local/lib/python3.10/site-packages/pandas/core/arrays/numeric.py", line 229, in _coerce_to_data_and_mask
    values = dtype_cls._safe_cast(values, dtype, copy=False)
  File "/home/airflow/.local/lib/python3.10/site-packages/pandas/core/arrays/integer.py", line 59, in _safe_cast
    raise TypeError(
TypeError: cannot safely cast non-equivalent float64 to int64

During handling of the above exception, another exception occurred:

Traceback (most recent call last):
  File "/opt/airflow/dags/validate/validate.py", line 33, in validator
    raise Exception("Error converting dataframe type")
Exception: Error converting dataframe type
[2024-06-16T00:27:43.206+0000] {python.py:237} INFO - Done. Returned value was: None
[2024-06-16T00:27:43.207+0000] {taskinstance.py:441} INFO - ::group::Post task execution logs
[2024-06-16T00:27:43.223+0000] {taskinstance.py:1206} INFO - Marking task as SUCCESS. dag_id=Air_pollution_data_pipeline, task_id=validator, run_id=manual__2024-06-16T00:27:11+00:00, execution_date=20240616T002711, start_date=20240616T002741, end_date=20240616T002743
[2024-06-16T00:27:43.279+0000] {local_task_job_runner.py:240} INFO - Task exited with return code 0
[2024-06-16T00:27:43.348+0000] {taskinstance.py:3503} INFO - 3 downstream tasks scheduled from follow-on schedule check
[2024-06-16T00:27:43.354+0000] {local_task_job_runner.py:222} INFO - ::endgroup::
