[2024-06-17T04:26:43.079+0000] {local_task_job_runner.py:120} INFO - ::group::Pre task execution logs
[2024-06-17T04:26:43.137+0000] {taskinstance.py:2076} INFO - Dependencies all met for dep_context=non-requeueable deps ti=<TaskInstance: Air_pollution_data_pipeline.validator manual__2024-06-17T04:26:20+00:00 [queued]>
[2024-06-17T04:26:43.156+0000] {taskinstance.py:2076} INFO - Dependencies all met for dep_context=requeueable deps ti=<TaskInstance: Air_pollution_data_pipeline.validator manual__2024-06-17T04:26:20+00:00 [queued]>
[2024-06-17T04:26:43.156+0000] {taskinstance.py:2306} INFO - Starting attempt 1 of 6
[2024-06-17T04:26:43.179+0000] {taskinstance.py:2330} INFO - Executing <Task(_PythonDecoratedOperator): validator> on 2024-06-17 04:26:20+00:00
[2024-06-17T04:26:43.188+0000] {standard_task_runner.py:63} INFO - Started process 1984 to run task
[2024-06-17T04:26:43.195+0000] {standard_task_runner.py:90} INFO - Running: ['***', 'tasks', 'run', 'Air_pollution_data_pipeline', 'validator', 'manual__2024-06-17T04:26:20+00:00', '--job-id', '377', '--raw', '--subdir', 'DAGS_FOLDER/main.py', '--cfg-path', '/tmp/tmp07rm17b8']
[2024-06-17T04:26:43.199+0000] {standard_task_runner.py:91} INFO - Job 377: Subtask validator
[2024-06-17T04:26:43.291+0000] {task_command.py:426} INFO - Running <TaskInstance: Air_pollution_data_pipeline.validator manual__2024-06-17T04:26:20+00:00 [running]> on host fa4d239664b0
[2024-06-17T04:26:43.997+0000] {taskinstance.py:2648} INFO - Exporting env vars: AIRFLOW_CTX_DAG_OWNER='khalid' AIRFLOW_CTX_DAG_ID='Air_pollution_data_pipeline' AIRFLOW_CTX_TASK_ID='validator' AIRFLOW_CTX_EXECUTION_DATE='2024-06-17T04:26:20+00:00' AIRFLOW_CTX_TRY_NUMBER='1' AIRFLOW_CTX_DAG_RUN_ID='manual__2024-06-17T04:26:20+00:00'
[2024-06-17T04:26:44.001+0000] {taskinstance.py:430} INFO - ::endgroup::
[2024-06-17T04:26:44.003+0000] {validate.py:11} INFO - stating data validation/transformation process
[2024-06-17T04:26:44.124+0000] {logging_mixin.py:188} WARNING - /opt/***/dags/validate/validate.py:14 FutureWarning: Passing literal json to 'read_json' is deprecated and will be removed in a future version. To read from a literal string, wrap it in a 'StringIO' object.
[2024-06-17T04:26:44.782+0000] {logging_mixin.py:188} INFO - all columns names are correct
[2024-06-17T04:26:44.783+0000] {validate.py:36} ERROR - error validating data, does not meet expected criteria
Traceback (most recent call last):
  File "/opt/airflow/dags/validate/validate.py", line 26, in validator
    datatype = real_sortedcols[col]
TypeError: list indices must be integers or slices, not str

During handling of the above exception, another exception occurred:

Traceback (most recent call last):
  File "/opt/airflow/dags/validate/validate.py", line 34, in validator
    raise Exception("Error converting dataframe type")
Exception: Error converting dataframe type
[2024-06-17T04:26:44.789+0000] {python.py:237} INFO - Done. Returned value was: None
[2024-06-17T04:26:44.790+0000] {taskinstance.py:441} INFO - ::group::Post task execution logs
[2024-06-17T04:26:44.808+0000] {taskinstance.py:1206} INFO - Marking task as SUCCESS. dag_id=Air_pollution_data_pipeline, task_id=validator, run_id=manual__2024-06-17T04:26:20+00:00, execution_date=20240617T042620, start_date=20240617T042643, end_date=20240617T042644
[2024-06-17T04:26:44.857+0000] {local_task_job_runner.py:240} INFO - Task exited with return code 0
[2024-06-17T04:26:44.886+0000] {local_task_job_runner.py:222} INFO - ::endgroup::
